[Tue May  5 21:36:58 UTC 2026] HEARTBEAT: Manual deployment trigger for 12:00 PM transmission.
[2026-05-07 16:35:07] LOGGING TEST: Manual shell injection.
[2026-05-09 07:00:51] GIT PUSH: 
[2026-05-09 07:00:51] GIT: Pre-syncing with website remote...
[2026-05-09 07:00:52] GIT PUSH (website): Success - site updating
[2026-05-09 07:00:52] GIT: origin re-synced with website merge
[2026-05-09 07:00:52] GIT: Uplink successful.
[2026-05-09 12:00:23] IMAGE GEN: Requesting FLUX visual for 'Psilocybin mushroom therapy'...
[2026-05-09 12:00:26] IMAGE GEN: Saved to media/general/2026-05-09-psilocybin-mushroom-therapy.jpg
[2026-05-09 12:00:32] WEBSITE: Initializing Syndicate Transmission for Psilocybin mushroom therapy...
[2026-05-09 12:00:32] WEBSITE: Image resolved: media/general/2026-05-09-psilocybin-mushroom-therapy.jpg
[2026-05-09 12:00:51] WEBSITE ERROR: JSON parsing failed: Expecting value: line 1 column 1 (char 0). Falling back to raw content.
[2026-05-09 12:00:51] WEBSITE: Article saved to articles/2026-05-09-psilocybin-mushroom-therapy.html
[2026-05-09 12:00:51] WEBSITE: Syncing intel.html (Priority: 2)...
[2026-05-09 12:00:51] WEBSITE: intel.html synced successfully.
[2026-05-09 12:00:51] WEBSITE: Syncing transmissions.html...
[2026-05-09 12:00:51] WEBSITE: transmissions.html synced successfully.
[2026-05-09 12:00:51] WEBSITE: Syncing transmissions.json...
[2026-05-09 12:00:51] WEBSITE: transmissions.json synced successfully.
[2026-05-09 12:00:51] GIT: Synchronizing repository...
[2026-05-09 12:00:51] GIT: Fetching from origin...
[2026-05-09 12:00:52] GIT: Syncing with origin main (Pre-sync)...
